2026-09-03T07:36:32.641608Z DEBUG prek: 0.3.11
2026-09-03T07:36:32.641629Z DEBUG Args: ["/nix/store/py2m9vglskggcyyarm0nha16siw346af-prek-0.3.11/bin/prek", "hook-impl", "--hook-dir", "/home/flora.hill@rmhedge.com/Documents/Projects/finick/.git/hooks", "--script-version", "4", "--hook-type=pre-commit", "--config=.pre-commit-config.yaml", "--"]
2026-09-03T07:36:32.647678Z TRACE get_root: close time.busy=5.66ms time.idle=1.88µs
2026-09-03T07:36:32.647700Z DEBUG Git root: /home/519374d0-07bf-447b-8c84-f74f817bdc12/Documents/Projects/finick
2026-09-03T07:36:32.647710Z TRACE Executing `/nix/store/bcnisk3ydfgv26v2gw3zlky24g00yww2-git-2.54.0/libexec/git-core/git ls-files --unmerged`
2026-09-03T07:36:32.650220Z TRACE Include selectors: ``
2026-09-03T07:36:32.650227Z TRACE Skip selectors: ``
2026-09-03T07:36:32.650239Z DEBUG discover{root="/home/519374d0-07bf-447b-8c84-f74f817bdc12/Documents/Projects/finick" config=Some(".pre-commit-config.yaml") refresh=false}: Loading project configuration path=.pre-commit-config.yaml
2026-09-03T07:36:32.650660Z TRACE discover{root="/home/519374d0-07bf-447b-8c84-f74f817bdc12/Documents/Projects/finick" config=Some(".pre-commit-config.yaml") refresh=false}: close time.busy=421µs time.idle=990ns
2026-09-03T07:36:32.650684Z TRACE Executing `/nix/store/bcnisk3ydfgv26v2gw3zlky24g00yww2-git-2.54.0/libexec/git-core/git diff --exit-code --name-only -z .pre-commit-config.yaml`
2026-09-03T07:36:32.653053Z TRACE Checking lock resource="store" path=/home/519374d0-07bf-447b-8c84-f74f817bdc12/Documents/Projects/finick/.devenv/state/prek/.lock
2026-09-03T07:36:32.653072Z DEBUG Acquired lock resource="store"
2026-09-03T07:36:32.654260Z DEBUG Hooks going to run: ["cargo-check", "clippy", "rustfmt"]
2026-09-03T07:36:32.655176Z DEBUG Hook `cargo-check` does not need installation
2026-09-03T07:36:32.655185Z DEBUG Hook `clippy` does not need installation
2026-09-03T07:36:32.655188Z DEBUG Hook `rustfmt` does not need installation
2026-09-03T07:36:32.655239Z TRACE Released lock path=/home/519374d0-07bf-447b-8c84-f74f817bdc12/Documents/Projects/finick/.devenv/state/prek/.lock
2026-09-03T07:36:32.655360Z TRACE Executing `/nix/store/bcnisk3ydfgv26v2gw3zlky24g00yww2-git-2.54.0/libexec/git-core/git diff --diff-filter=A --name-only -z -- /home/519374d0-07bf-447b-8c84-f74f817bdc12/Documents/Projects/finick`
2026-09-03T07:36:32.657145Z TRACE Executing `/nix/store/bcnisk3ydfgv26v2gw3zlky24g00yww2-git-2.54.0/libexec/git-core/git write-tree`
2026-09-03T07:36:32.658534Z TRACE Executing `/nix/store/bcnisk3ydfgv26v2gw3zlky24g00yww2-git-2.54.0/libexec/git-core/git diff-index --binary --exit-code 1d3396be4e7e45e2cddb3631733e4be2cf40b1d1 -- /home/519374d0-07bf-447b-8c84-f74f817bdc12/Documents/Projects/finick [...]`
